[    0.000000] Linux version 4.15.0-153-generic (buildd@lgw01-amd64-004) (gcc version 7.5.0 (Ubuntu 7.5.0-3ubuntu1~18.04)) #160-Ubuntu SMP Thu Jul 29 06:54:29 UTC 2021 (Ubuntu 4.15.0-153.160-generic 4.15.18)
[    0.000000] Command line: BOOT_IMAGE=/boot/vmlinuz-4.15.0-153-generic root=LABEL=cloudimg-rootfs ro console=tty1 console=ttyS0
[    0.000000] KERNEL supported cpus:
[    0.000000]   Intel GenuineIntel
[    0.000000]   AMD AuthenticAMD
[    0.000000]   Centaur CentaurHauls
[    0.000000] x86/fpu: x87 FPU will use FXSAVE
[    0.000000] e820: BIOS-provided physical RAM map:
[    0.000000] BIOS-e820: [mem 0x0000000000000000-0x000000000009fbff] usable
[    0.000000] BIOS-e820: [mem 0x000000000009fc00-0x000000000009ffff] reserved
[    0.000000] BIOS-e820: [mem 0x00000000000f0000-0x00000000000fffff] reserved
[    0.000000] BIOS-e820: [mem 0x0000000000100000-0x000000003ffeffff] usable
[    0.000000] BIOS-e820: [mem 0x000000003fff0000-0x000000003fffffff] ACPI data
[    0.000000] BIOS-e820: [mem 0x00000000fec00000-0x00000000fec00fff] reserved
[    0.000000] BIOS-e820: [mem 0x00000000fee00000-0x00000000fee00fff] reserved
[    0.000000] BIOS-e820: [mem 0x00000000fffc0000-0x00000000ffffffff] reserved
[    0.000000] NX (Execute Disable) protection: active
[    0.000000] SMBIOS 2.5 present.
[    0.000000] DMI: innotek GmbH VirtualBox/VirtualBox, BIOS VirtualBox 12/01/2006
[    0.000000] Hypervisor detected: KVM
[    0.000000] e820: last_pfn = 0x3fff0 max_arch_pfn = 0x400000000
[    0.000000] MTRR: Disabled
[    0.000000] x86/PAT: MTRRs disabled, skipping PAT initialization too.
[    0.000000] CPU MTRRs all blank - virtualized system.
[    0.000000] x86/PAT: Configuration [0-7]: WB  WT  UC- UC  WB  WT  UC- UC  
[    0.000000] found SMP MP-table at [mem 0x0009fff0-0x0009ffff]
[    0.000000] Scanning 1 areas for low memory corruption
[    0.000000] RAMDISK: [mem 0x359cd000-0x36cddfff]
[    0.000000] ACPI: Early table checksum verification disabled
[    0.000000] ACPI: RSDP 0x00000000000E0000 000024 (v02 VBOX  )
[    0.000000] ACPI: XSDT 0x000000003FFF0030 00003C (v01 VBOX   VBOXXSDT 00000001 ASL  00000061)
[    0.000000] ACPI: FACP 0x000000003FFF00F0 0000F4 (v04 VBOX   VBOXFACP 00000001 ASL  00000061)
[    0.000000] ACPI: DSDT 0x000000003FFF0470 002325 (v02 VBOX   VBOXBIOS 00000002 INTL 20100528)
[    0.000000] ACPI: FACS 0x000000003FFF0200 000040
[    0.000000] ACPI: FACS 0x000000003FFF0200 000040
[    0.000000] ACPI: APIC 0x000000003FFF0240 00005C (v02 VBOX   VBOXAPIC 00000001 ASL  00000061)
[    0.000000] ACPI: SSDT 0x000000003FFF02A0 0001CC (v01 VBOX   VBOXCPUT 00000002 INTL 20100528)
[    0.000000] ACPI: Reserving FACP table memory at [mem 0x3fff00f0-0x3fff01e3]
[    0.000000] ACPI: Reserving DSDT table memory at [mem 0x3fff0470-0x3fff2794]
[    0.000000] ACPI: Reserving FACS table memory at [mem 0x3fff0200-0x3fff023f]
[    0.000000] ACPI: Reserving FACS table memory at [mem 0x3fff0200-0x3fff023f]
[    0.000000] ACPI: Reserving APIC table memory at [mem 0x3fff0240-0x3fff029b]
[    0.000000] ACPI: Reserving SSDT table memory at [mem 0x3fff02a0-0x3fff046b]
[    0.000000] No NUMA configuration found
[    0.000000] Faking a node at [mem 0x0000000000000000-0x000000003ffeffff]
[    0.000000] NODE_DATA(0) allocated [mem 0x3ffc5000-0x3ffeffff]
[    0.000000] kvm-clock: cpu 0, msr 0:3ff44001, primary cpu clock
[    0.000000] kvm-clock: Using msrs 4b564d01 and 4b564d00
[    0.000000] kvm-clock: using sched offset of 5785225893 cycles
[    0.000000] clocksource: kvm-clock: mask: 0xffffffffffffffff max_cycles: 0x1cd42e4dffb, max_idle_ns: 881590591483 ns
[    0.000000] Zone ranges:
[    0.000000]   DMA      [mem 0x0000000000001000-0x0000000000ffffff]
[    0.000000]   DMA32    [mem 0x0000000001000000-0x000000003ffeffff]
[    0.000000]   Normal   empty
[    0.000000]   Device   empty
[    0.000000] Movable zone start for each node
[    0.000000] Early memory node ranges
[    0.000000]   node   0: [mem 0x0000000000001000-0x000000000009efff]
[    0.000000]   node   0: [mem 0x0000000000100000-0x000000003ffeffff]
[    0.000000] Reserved but unavailable: 104 pages
[    0.000000] Initmem setup node 0 [mem 0x0000000000001000-0x000000003ffeffff]
[    0.000000] ACPI: PM-Timer IO Port: 0x4008
[    0.000000] IOAPIC[0]: apic_id 2, version 32, address 0xfec00000, GSI 0-23
[    0.000000] ACPI: INT_SRC_OVR (bus 0 bus_irq 0 global_irq 2 dfl dfl)
[    0.000000] ACPI: INT_SRC_OVR (bus 0 bus_irq 9 global_irq 9 low level)
[    0.000000] Using ACPI (MADT) for SMP configuration information
[    0.000000] smpboot: Allowing 2 CPUs, 0 hotplug CPUs
[    0.000000] PM: Registered nosave memory: [mem 0x00000000-0x00000fff]
[    0.000000] PM: Registered nosave memory: [mem 0x0009f000-0x0009ffff]
[    0.000000] PM: Registered nosave memory: [mem 0x000a0000-0x000effff]
[    0.000000] PM: Registered nosave memory: [mem 0x000f0000-0x000fffff]
[    0.000000] e820: [mem 0x40000000-0xfebfffff] available for PCI devices
[    0.000000] Booting paravirtualized kernel on KVM
[    0.000000] clocksource: refined-jiffies: mask: 0xffffffff max_cycles: 0xffffffff, max_idle_ns: 7645519600211568 ns
[    0.000000] random: get_random_bytes called from start_kernel+0x99/0x500 with crng_init=0
[    0.000000] setup_percpu: NR_CPUS:8192 nr_cpumask_bits:2 nr_cpu_ids:2 nr_node_ids:1
[    0.000000] percpu: Embedded 45 pages/cpu s147456 r8192 d28672 u1048576
[    0.000000] PV qspinlock hash table entries: 256 (order: 0, 4096 bytes)
[    0.000000] Built 1 zonelists, mobility grouping on.  Total pages: 257913
[    0.000000] Policy zone: DMA32
[    0.000000] Kernel command line: BOOT_IMAGE=/boot/vmlinuz-4.15.0-153-generic root=LABEL=cloudimg-rootfs ro console=tty1 console=ttyS0
[    0.000000] Memory: 982712K/1048120K available (12300K kernel code, 2483K rwdata, 4320K rodata, 2448K init, 2724K bss, 65408K reserved, 0K cma-reserved)
[    0.000000] SLUB: HWalign=64, Order=0-3, MinObjects=0, CPUs=2, Nodes=1
[    0.000000] Kernel/User page tables isolation: enabled
[    0.000000] ftrace: allocating 39460 entries in 155 pages
[    0.004000] Hierarchical RCU implementation.
[    0.004000] 	RCU restricting CPUs from NR_CPUS=8192 to nr_cpu_ids=2.
[    0.004000] 	Tasks RCU enabled.
[    0.004000] RCU: Adjusting geometry for rcu_fanout_leaf=16, nr_cpu_ids=2
[    0.004000] NR_IRQS: 524544, nr_irqs: 440, preallocated irqs: 16
[    0.004000] Console: colour VGA+ 80x25
[    0.004000] console [tty1] enabled
[    0.004000] console [ttyS0] enabled
[    0.004000] ACPI: Core revision 20170831
[    0.004000] ACPI: 2 ACPI AML tables successfully acquired and loaded
[    0.004000] APIC: Switch to symmetric I/O mode setup
[    0.004000] ..TIMER: vector=0x30 apic1=0 pin1=2 apic2=-1 pin2=-1
[    0.004000] tsc: Detected 2691.248 MHz processor
[    0.004000] Calibrating delay loop (skipped) preset value.. 5382.49 BogoMIPS (lpj=10764992)
[    0.004008] pid_max: default: 32768 minimum: 301
[    0.008108] Security Framework initialized
[    0.012005] Yama: becoming mindful.
[    0.016134] AppArmor: AppArmor initialized
[    0.030002] Dentry cache hash table entries: 131072 (order: 8, 1048576 bytes)
[    0.037394] Inode-cache hash table entries: 65536 (order: 7, 524288 bytes)
[    0.040125] Mount-cache hash table entries: 2048 (order: 2, 16384 bytes)
[    0.044111] Mountpoint-cache hash table entries: 2048 (order: 2, 16384 bytes)
[    0.052826] Last level iTLB entries: 4KB 512, 2MB 8, 4MB 8
[    0.056003] Last level dTLB entries: 4KB 512, 2MB 32, 4MB 32, 1GB 0
[    0.064009] Spectre V1 : Mitigation: usercopy/swapgs barriers and __user pointer sanitization
[    0.068005] Spectre V2 : Mitigation: Full generic retpoline
[    0.072004] Spectre V2 : Spectre v2 / SpectreRSB mitigation: Filling RSB on context switch
[    0.076009] Speculative Store Bypass: Vulnerable
[    0.080061] MDS: Mitigation: Clear CPU buffers
[    0.084187] Freeing SMP alternatives memory: 36K
[    0.203358] smpboot: CPU0: Intel(R) Core(TM) i5-3340M CPU @ 2.70GHz (family: 0x6, model: 0x3a, stepping: 0x9)
[    0.204637] Performance Events: unsupported p6 CPU model 58 no PMU driver, software events only.
[    0.208332] Hierarchical SRCU implementation.
[    0.216287] NMI watchdog: Perf event create on CPU 0 failed with -2
[    0.220010] NMI watchdog: Perf NMI watchdog permanently disabled
[    0.224528] smp: Bringing up secondary CPUs ...
[    0.233189] x86: Booting SMP configuration:
[    0.236129] .... node  #0, CPUs:      #1
[    0.004000] kvm-clock: cpu 1, msr 0:3ff44041, secondary cpu clock
[    0.248000] TSC synchronization [CPU#0 -> CPU#1]:
[    0.248000] Measured 97109 cycles TSC warp between CPUs, turning off TSC clock.
[    0.248000] tsc: Marking TSC unstable due to check_tsc_sync_source failed
[    0.252690] smp: Brought up 1 node, 2 CPUs
[    0.256020] smpboot: Max logical packages: 1
[    0.260019] smpboot: Total of 2 processors activated (10764.99 BogoMIPS)
[    0.269128] devtmpfs: initialized
[    0.272216] x86/mm: Memory block size: 128MB
[    0.276648] evm: security.selinux
[    0.280009] evm: security.SMACK64
[    0.284010] evm: security.SMACK64EXEC
[    0.288010] evm: security.SMACK64TRANSMUTE
[    0.292012] evm: security.SMACK64MMAP
[    0.296012] evm: security.apparmor
[    0.300011] evm: security.ima
[    0.304010] evm: security.capability
[    0.312208] clocksource: jiffies: mask: 0xffffffff max_cycles: 0xffffffff, max_idle_ns: 7645041785100000 ns
[    0.316031] futex hash table entries: 512 (order: 3, 32768 bytes)
[    0.320383] pinctrl core: initialized pinctrl subsystem
[    0.324753] RTC time:  1:32:22, date: 08/17/21
[    0.329559] NET: Registered protocol family 16
[    0.332171] audit: initializing netlink subsys (disabled)
[    0.340354] audit: type=2000 audit(1629163948.585:1): state=initialized audit_enabled=0 res=1
[    0.352009] cpuidle: using governor ladder
[    0.356012] cpuidle: using governor menu
[    0.360061] ACPI: bus type PCI registered
[    0.364005] acpiphp: ACPI Hot Plug PCI Controller Driver version: 0.5
[    0.372331] PCI: Using configuration type 1 for base access
[    0.384447] HugeTLB registered 2.00 MiB page size, pre-allocated 0 pages
[    0.392861] ACPI: Added _OSI(Module Device)
[    0.396006] ACPI: Added _OSI(Processor Device)
[    0.400006] ACPI: Added _OSI(3.0 _SCP Extensions)
[    0.404004] ACPI: Added _OSI(Processor Aggregator Device)
[    0.408006] ACPI: Added _OSI(Linux-Dell-Video)
[    0.412005] ACPI: Added _OSI(Linux-Lenovo-NV-HDMI-Audio)
[    0.416018] ACPI: Added _OSI(Linux-HPI-Hybrid-Graphics)
[    0.420979] ACPI: Executed 1 blocks of module-level executable AML code
[    0.431775] ACPI: Interpreter enabled
[    0.432033] ACPI: (supports S0 S5)
[    0.436007] ACPI: Using IOAPIC for interrupt routing
[    0.440524] PCI: Using host bridge windows from ACPI; if necessary, use "pci=nocrs" and report a bug
[    0.444283] ACPI: Enabled 2 GPEs in block 00 to 07
[    0.463499] ACPI: PCI Root Bridge [PCI0] (domain 0000 [bus 00-ff])
[    0.464031] acpi PNP0A03:00: _OSC: OS supports [ASPM ClockPM Segments MSI]
[    0.469407] acpi PNP0A03:00: _OSC: not requesting OS control; OS requires [ExtendedConfig ASPM ClockPM MSI]
[    0.472035] acpi PNP0A03:00: fail to add MMCONFIG information, can't access extended PCI configuration space under this bridge.
[    0.476826] PCI host bridge to bus 0000:00
[    0.480012] pci_bus 0000:00: root bus resource [io  0x0000-0x0cf7 window]
[    0.484015] pci_bus 0000:00: root bus resource [io  0x0d00-0xffff window]
[    0.488013] pci_bus 0000:00: root bus resource [mem 0x000a0000-0x000bffff window]
[    0.492014] pci_bus 0000:00: root bus resource [mem 0x40000000-0xfdffffff window]
[    0.496010] pci_bus 0000:00: root bus resource [bus 00-ff]
[    0.509437] pci 0000:00:01.1: legacy IDE quirk: reg 0x10: [io  0x01f0-0x01f7]
[    0.512007] pci 0000:00:01.1: legacy IDE quirk: reg 0x14: [io  0x03f6]
[    0.516013] pci 0000:00:01.1: legacy IDE quirk: reg 0x18: [io  0x0170-0x0177]
[    0.520013] pci 0000:00:01.1: legacy IDE quirk: reg 0x1c: [io  0x0376]
[    0.593291] pci 0000:00:07.0: quirk: [io  0x4000-0x403f] claimed by PIIX4 ACPI
[    0.596041] pci 0000:00:07.0: quirk: [io  0x4100-0x410f] claimed by PIIX4 SMB
[    0.613977] ACPI: PCI Interrupt Link [LNKA] (IRQs 5 9 10 *11)
[    0.620341] ACPI: PCI Interrupt Link [LNKB] (IRQs 5 9 *10 11)
[    0.624372] ACPI: PCI Interrupt Link [LNKC] (IRQs 5 *9 10 11)
[    0.628214] ACPI: PCI Interrupt Link [LNKD] (IRQs 5 9 10 *11)
[    0.636171] SCSI subsystem initialized
[    0.640303] pci 0000:00:02.0: vgaarb: setting as boot VGA device
[    0.644000] pci 0000:00:02.0: vgaarb: VGA device added: decodes=io+mem,owns=io+mem,locks=none
[    0.644010] pci 0000:00:02.0: vgaarb: bridge control possible
[    0.648004] vgaarb: loaded
[    0.652096] ACPI: bus type USB registered
[    0.660078] usbcore: registered new interface driver usbfs
[    0.664016] usbcore: registered new interface driver hub
[    0.672031] usbcore: registered new device driver usb
[    0.680409] EDAC MC: Ver: 3.0.0
[    0.688545] PCI: Using ACPI for IRQ routing
[    0.692876] NetLabel: Initializing
[    0.696004] NetLabel:  domain hash size = 128
[    0.700004] NetLabel:  protocols = UNLABELED CIPSOv4 CALIPSO
[    0.704024] NetLabel:  unlabeled traffic allowed by default
[    0.712523] clocksource: Switched to clocksource kvm-clock
[    0.722452] VFS: Disk quotas dquot_6.6.0
[    0.722452] VFS: Dquot-cache hash table entries: 512 (order 0, 4096 bytes)
[    0.722452] AppArmor: AppArmor Filesystem Enabled
[    0.722452] pnp: PnP ACPI init
[    0.722452] pnp: PnP ACPI: found 3 devices
[    0.869942] clocksource: acpi_pm: mask: 0xffffff max_cycles: 0xffffff, max_idle_ns: 2085701024 ns
[    0.881658] NET: Registered protocol family 2
[    0.892203] TCP established hash table entries: 8192 (order: 4, 65536 bytes)
[    0.900633] TCP bind hash table entries: 8192 (order: 5, 131072 bytes)
[    0.904141] TCP: Hash tables configured (established 8192 bind 8192)
[    0.904141] UDP hash table entries: 512 (order: 2, 16384 bytes)
[    0.904141] UDP-Lite hash table entries: 512 (order: 2, 16384 bytes)
[    0.904141] NET: Registered protocol family 1
[    0.904141] pci 0000:00:00.0: Limiting direct PCI/PCI transfers
[    0.904141] pci 0000:00:01.0: Activating ISA DMA hang workarounds
[    0.904141] pci 0000:00:02.0: Video device with shadowed ROM at [mem 0x000c0000-0x000dffff]
[    0.904141] Unpacking initramfs...
[    1.232090] Freeing initrd memory: 19524K
[    1.232090] clocksource: tsc: mask: 0xffffffffffffffff max_cycles: 0x26caf29c8ab, max_idle_ns: 440795203557 ns
[    1.232090] platform rtc_cmos: registered platform RTC device (no PNP device found)
[    1.232090] Scanning for low memory corruption every 60 seconds
[    1.632949] Initialise system trusted keyrings
[    1.637524] Key type blacklist registered
[    1.642570] workingset: timestamp_bits=36 max_order=18 bucket_order=0
[    1.652940] zbud: loaded
[    1.657173] squashfs: version 4.0 (2009/01/31) Phillip Lougher
[    1.663937] fuse init (API version 7.26)
[    1.692426] Key type asymmetric registered
[    1.696314] Asymmetric key parser 'x509' registered
[    1.702559] Block layer SCSI generic (bsg) driver version 0.4 loaded (major 246)
[    1.711013] io scheduler noop registered
[    1.715543] io scheduler deadline registered
[    1.720677] io scheduler cfq registered (default)
[    1.726649] ACPI: AC Adapter [AC] (on-line)
[    1.731354] input: Power Button as /devices/LNXSYSTM:00/LNXPWRBN:00/input/input0
[    1.740450] ACPI: Power Button [PWRF]
[    1.744363] input: Sleep Button as /devices/LNXSYSTM:00/LNXSLPBN:00/input/input1
[    1.751463] ACPI: Sleep Button [SLPF]
[    1.757327] Serial: 8250/16550 driver, 32 ports, IRQ sharing enabled
[    1.759590] ACPI: Battery Slot [BAT0] (battery present)
[    1.799303] 00:02: ttyS0 at I/O 0x3f8 (irq = 4, base_baud = 115200) is a 16550A
[    1.811341] Linux agpgart interface v0.103
[    1.820028] loop: module loaded
[    1.827156] scsi host0: ata_piix
[    1.832512] scsi host1: ata_piix
[    1.835615] ata1: PATA max UDMA/33 cmd 0x1f0 ctl 0x3f6 bmdma 0xd000 irq 14
[    1.843617] ata2: PATA max UDMA/33 cmd 0x170 ctl 0x376 bmdma 0xd008 irq 15
[    1.851769] libphy: Fixed MDIO Bus: probed
[    1.857443] tun: Universal TUN/TAP device driver, 1.6
[    1.862714] PPP generic driver version 2.4.2
[    1.869963] ehci_hcd: USB 2.0 'Enhanced' Host Controller (EHCI) Driver
[    1.876194] ehci-pci: EHCI PCI platform driver
[    1.880840] ehci-platform: EHCI generic platform driver
[    1.885749] ohci_hcd: USB 1.1 'Open' Host Controller (OHCI) Driver
[    1.892344] ohci-pci: OHCI PCI platform driver
[    1.897330] ohci-platform: OHCI generic platform driver
[    1.902582] uhci_hcd: USB Universal Host Controller Interface driver
[    1.908571] i8042: PNP: PS/2 Controller [PNP0303:PS2K,PNP0f03:PS2M] at 0x60,0x64 irq 1,12
[    1.919804] serio: i8042 KBD port at 0x60,0x64 irq 1
[    1.924688] serio: i8042 AUX port at 0x60,0x64 irq 12
[    1.931092] mousedev: PS/2 mouse device common for all mice
[    1.940912] rtc_cmos rtc_cmos: rtc core: registered rtc_cmos as rtc0
[    1.950026] rtc_cmos rtc_cmos: alarms up to one day, 114 bytes nvram
[    1.959668] i2c /dev entries driver
[    1.965241] device-mapper: uevent: version 1.0.3
[    1.972348] device-mapper: ioctl: 4.37.0-ioctl (2017-09-20) initialised: dm-devel@redhat.com
[    1.984567] input: AT Translated Set 2 keyboard as /devices/platform/i8042/serio0/input/input2
[    1.999662] ledtrig-cpu: registered to indicate activity on CPUs
[    2.085333] NET: Registered protocol family 10
[    2.099167] Segment Routing with IPv6
[    2.103623] NET: Registered protocol family 17
[    2.109692] Key type dns_resolver registered
[    2.115053] mce: Using 0 MCE banks
[    2.119138] RAS: Correctable Errors collector initialized.
[    2.126026] sched_clock: Marking stable (2125956137, 0)->(3553892235, -1427936098)
[    2.140811] registered taskstats version 1
[    2.144930] Loading compiled-in X.509 certificates
[    2.155809] Loaded X.509 cert 'Build time autogenerated kernel key: 697c210032c6abbec5653106d7fd766083a73612'
[    2.168155] Loaded X.509 cert 'Canonical Ltd. Live Patch Signing: 14df34d1a87cf37625abec039ef2bf521249b969'
[    2.180347] Loaded X.509 cert 'Canonical Ltd. Kernel Module Signing: 88f752e560a1e0737e31163a466ad7b70a850c19'
[    2.193115] zswap: loaded using pool lzo/zbud
[    2.213268] Key type big_key registered
[    2.217382] Key type trusted registered
[    2.226686] Key type encrypted registered
[    2.230970] AppArmor: AppArmor sha1 policy hashing enabled
[    2.237383] ima: No TPM chip found, activating TPM-bypass! (rc=-19)
[    2.243489] ima: Allocated hash algorithm: sha1
[    2.249006] evm: HMAC attrs: 0x1
[    2.252823]   Magic number: 1:869:508
[    2.256864] pci 0000:00:01.0: hash matches
[    2.261644] rtc_cmos rtc_cmos: setting system clock to 2021-08-17 01:32:24 UTC (1629163944)
[    2.270605] BIOS EDD facility v0.16 2004-Jun-25, 0 devices found
[    2.277387] EDD information not available.
[    2.285657] Freeing unused kernel image memory: 2448K
[    2.324606] Write protecting the kernel read-only data: 20480k
[    2.352059] Freeing unused kernel image memory: 2008K
[    2.362651] Freeing unused kernel image memory: 1824K
[    2.383277] x86/mm: Checked W+X mappings: passed, no W+X pages found.
[    2.395898] x86/mm: Checking user space page tables
[    2.413912] x86/mm: Checked W+X mappings: passed, no W+X pages found.
Loading, please wait...
starting version 237
[    2.556633] e1000: Intel(R) PRO/1000 Network Driver - version 7.3.21-k8-NAPI
[    2.566347] e1000: Copyright (c) 1999-2006 Intel Corporation.
[    2.602562] Fusion MPT base driver 3.04.20
[    2.608733] Copyright (c) 1999-2008 LSI Corporation
[    2.656997] Fusion MPT SPI Host driver 3.04.20
[    2.837516] input: ImExPS/2 Generic Explorer Mouse as /devices/platform/i8042/serio1/input/input4
[    3.403146] e1000 0000:00:03.0 eth0: (PCI:33MHz:32-bit) 02:bb:09:5e:a9:26
[    3.411157] e1000 0000:00:03.0 eth0: Intel(R) PRO/1000 Network Connection
[    4.169703] e1000 0000:00:08.0 eth1: (PCI:33MHz:32-bit) 08:00:27:35:a2:31
[    4.177331] e1000 0000:00:08.0 eth1: Intel(R) PRO/1000 Network Connection
[    4.188934] e1000 0000:00:03.0 enp0s3: renamed from eth0
[    4.197804] mptbase: ioc0: Initiating bringup
[    4.217632] e1000 0000:00:08.0 enp0s8: renamed from eth1
[    4.304754] ioc0: LSI53C1030 A0: Capabilities={Initiator}
[    4.601241] scsi host2: ioc0: LSI53C1030 A0, FwRev=00000000h, Ports=1, MaxQ=256, IRQ=20
[    4.790175] scsi 2:0:0:0: Direct-Access     VBOX     HARDDISK         1.0  PQ: 0 ANSI: 5
[    4.856362] scsi target2:0:0: Beginning Domain Validation
[    4.875924] scsi target2:0:0: Domain Validation skipping write tests
[    4.887324] scsi target2:0:0: Ending Domain Validation
[    4.895941] scsi target2:0:0: asynchronous
[    4.905971] scsi 2:0:1:0: Direct-Access     VBOX     HARDDISK         1.0  PQ: 0 ANSI: 5
[    4.948677] scsi target2:0:1: Beginning Domain Validation
[    4.954271] random: fast init done
[    4.967740] scsi target2:0:1: Domain Validation skipping write tests
[    4.975480] scsi target2:0:1: Ending Domain Validation
[    4.982006] scsi target2:0:1: asynchronous
[    5.004587] sd 2:0:0:0: Attached scsi generic sg0 type 0
[    5.005786] sd 2:0:0:0: [sda] 83886080 512-byte logical blocks: (42.9 GB/40.0 GiB)
[    5.017173] random: systemd-udevd: uninitialized urandom read (16 bytes read)
[    5.023041] sd 2:0:0:0: [sda] Write Protect is off
[    5.032637] random: systemd-udevd: uninitialized urandom read (16 bytes read)
[    5.048255] random: systemd-udevd: uninitialized urandom read (16 bytes read)
[    5.048712] sd 2:0:1:0: Attached scsi generic sg1 type 0
[    5.057331] sd 2:0:0:0: [sda] Incomplete mode parameter data
[    5.071096] sd 2:0:0:0: [sda] Assuming drive cache: write through
[    5.080543] sd 2:0:1:0: [sdb] 20480 512-byte logical blocks: (10.5 MB/10.0 MiB)
[    5.084803]  sda: sda1
[    5.094511] sd 2:0:1:0: [sdb] Write Protect is off
[    5.098250] sd 2:0:0:0: [sda] Attached SCSI disk
[    5.107760] sd 2:0:1:0: [sdb] Incomplete mode parameter data
[    5.114017] sd 2:0:1:0: [sdb] Assuming drive cache: write through
[    5.130716] sd 2:0:1:0: [sdb] Attached SCSI disk
Begin: Loading essential drivers ... 